// Jest Snapshot v1, https://goo.gl/fbAQLP

exports[`codegen element 1`] = `
{
  "code": "const { toDisplayString:_toDisplayString, create_element_vnode:_create_element_vnode } = Vue
return function render(_ctx, _cache) {return _create_element_vnode('div', null, 'hi,' + _toDisplayString(_ctx.message))}",
}
`;

exports[`codegen interpolation 1`] = `
{
  "code": "const { toDisplayString:_toDisplayString } = Vue
return function render(_ctx, _cache) {return _toDisplayString(_ctx.message)}",
}
`;

exports[`codegen string 1`] = `
{
  "code": "
return function render(_ctx, _cache) {return 'hi'}",
}
`;
